[     518ms] [ERROR] Failed to load resource: the server responded with a status of 404 () @ https://login.esocial.gov.br/favicon.ico:0
[    4033ms] [ERROR] Connecting to 'https://7d870af75ad9.w.hcaptcha.com/logo.png' violates the following Content Security Policy directive: "connect-src 'self' www.google-analytics.com newassets.hcaptcha.com hcaptcha.com serprobots.estaleiro.serpro.gov.br maps.googleapis.com". The action has been blocked. @ https://js.hcaptcha.com/1/api.js?onload=onLoadHcaptcha&recaptchacompat=off&render=explicit&hl=pt:3
[    4033ms] [ERROR] Fetch API cannot load https://7d870af75ad9.w.hcaptcha.com/logo.png. Refused to connect because it violates the document's Content Security Policy. @ https://js.hcaptcha.com/1/api.js?onload=onLoadHcaptcha&recaptchacompat=off&render=explicit&hl=pt:3
[    4035ms] [LOG] recaptchacompat disabled @ https://js.hcaptcha.com/1/api.js?onload=onLoadHcaptcha&recaptchacompat=off&render=explicit&hl=pt:3
[    4065ms] [LOG] hCaptcha is ready. @ https://sso.acesso.gov.br/login?client_id=login.esocial.gov.br&authorization_id=19faf5ccecb:565
[   31147ms] [ERROR] Failed to load resource: the server responded with a status of 404 () @ https://www.esocial.gov.br/content/jqueryui/images/ui-bg_glass_75_ffffff_1x400.png:0
[   70036ms] [ERROR] Failed to load resource: the server responded with a status of 404 () @ https://www.esocial.gov.br/portal/Content/webfonts/fa-solid-900.woff2:0
[   70560ms] [ERROR] Failed to load resource: the server responded with a status of 404 () @ https://www.esocial.gov.br/portal/Content/webfonts/fa-solid-900.woff2:0
[   71212ms] [ERROR] Failed to load resource: the server responded with a status of 404 () @ https://www.esocial.gov.br/portal/Content/webfonts/fa-solid-900.woff2:0
[   71828ms] [ERROR] Failed to load resource: the server responded with a status of 404 () @ https://www.esocial.gov.br/portal/Content/webfonts/fa-solid-900.woff2:0
[   72390ms] [ERROR] Failed to load resource: the server responded with a status of 404 () @ https://www.esocial.gov.br/portal/Content/webfonts/fa-solid-900.woff2:0
[  349848ms] [ERROR] Failed to load resource: the server responded with a status of 404 () @ https://www.esocial.gov.br/portal/Content/webfonts/fa-solid-900.woff2:0
[  437509ms] [ERROR] Failed to load resource: the server responded with a status of 404 () @ https://www.esocial.gov.br/portal/Content/webfonts/fa-solid-900.woff2:0
[  438928ms] [ERROR] Failed to load resource: the server responded with a status of 404 () @ https://www.esocial.gov.br/Content/img/icones/ico_collapse_tabela_contrair.png:0
[  438994ms] [ERROR] Failed to load resource: the server responded with a status of 404 () @ https://www.esocial.gov.br/portal/Content/webfonts/fa-solid-900.woff2:0
[  441538ms] [ERROR] Failed to load resource: the server responded with a status of 404 () @ https://www.esocial.gov.br/portal/Content/webfonts/fa-solid-900.woff2:0
[  445447ms] [ERROR] Failed to load resource: the server responded with a status of 404 () @ https://www.esocial.gov.br/portal/Content/webfonts/fa-solid-900.woff2:0
[  446873ms] [ERROR] Failed to load resource: the server responded with a status of 404 () @ https://www.esocial.gov.br/portal/Content/webfonts/fa-solid-900.woff2:0
[  481156ms] [ERROR] Failed to load resource: the server responded with a status of 404 () @ https://www.esocial.gov.br/portal/Content/webfonts/fa-solid-900.woff2:0
[  485735ms] [ERROR] Failed to load resource: the server responded with a status of 404 () @ https://www.esocial.gov.br/portal/Content/webfonts/fa-solid-900.woff2:0
[  493359ms] [ERROR] Failed to load resource: the server responded with a status of 404 () @ https://www.esocial.gov.br/portal/Content/webfonts/fa-solid-900.woff2:0
[  496099ms] [ERROR] Failed to load resource: the server responded with a status of 404 () @ https://www.esocial.gov.br/portal/Content/webfonts/fa-solid-900.woff2:0
[  500098ms] [ERROR] Failed to load resource: the server responded with a status of 404 () @ https://www.esocial.gov.br/portal/Content/webfonts/fa-solid-900.woff2:0
[  545255ms] [ERROR] Failed to load resource: the server responded with a status of 404 () @ https://www.esocial.gov.br/portal/Content/webfonts/fa-solid-900.woff2:0
[  555325ms] [ERROR] Failed to load resource: the server responded with a status of 404 () @ https://www.esocial.gov.br/portal/Content/webfonts/fa-solid-900.woff2:0
[  558846ms] [ERROR] Failed to load resource: the server responded with a status of 404 () @ https://www.esocial.gov.br/portal/Content/webfonts/fa-solid-900.woff2:0
[  562379ms] [ERROR] Failed to load resource: the server responded with a status of 404 () @ https://www.esocial.gov.br/portal/Content/webfonts/fa-solid-900.woff2:0
[  575715ms] [ERROR] Failed to load resource: the server responded with a status of 404 () @ https://www.esocial.gov.br/portal/Content/webfonts/fa-solid-900.woff2:0
[  618363ms] [ERROR] Failed to load resource: the server responded with a status of 404 () @ https://www.esocial.gov.br/portal/Content/webfonts/fa-solid-900.woff2:0
[  622865ms] [ERROR] Failed to load resource: the server responded with a status of 404 () @ https://www.esocial.gov.br/portal/Content/webfonts/fa-solid-900.woff2:0
[  627282ms] [ERROR] Failed to load resource: the server responded with a status of 404 () @ https://www.esocial.gov.br/portal/Content/webfonts/fa-solid-900.woff2:0
[  644783ms] [ERROR] Failed to load resource: the server responded with a status of 404 () @ https://www.esocial.gov.br/portal/Content/webfonts/fa-solid-900.woff2:0
[  657091ms] [ERROR] Failed to load resource: the server responded with a status of 404 () @ https://www.esocial.gov.br/portal/Content/webfonts/fa-solid-900.woff2:0
[  703514ms] [ERROR] Failed to load resource: the server responded with a status of 404 () @ https://www.esocial.gov.br/portal/Content/webfonts/fa-solid-900.woff2:0
[  714748ms] [ERROR] Failed to load resource: the server responded with a status of 404 () @ https://www.esocial.gov.br/Content/img/icones/ico_collapse_tabela_contrair.png:0
[  714822ms] [ERROR] Failed to load resource: the server responded with a status of 404 () @ https://www.esocial.gov.br/portal/Content/webfonts/fa-solid-900.woff2:0
[  731131ms] [ERROR] Failed to load resource: the server responded with a status of 404 () @ https://www.esocial.gov.br/portal/Content/webfonts/fa-solid-900.woff2:0
[  737337ms] [ERROR] Failed to load resource: the server responded with a status of 404 () @ https://www.esocial.gov.br/portal/Content/webfonts/fa-solid-900.woff2:0
[  753120ms] [ERROR] Failed to load resource: the server responded with a status of 404 () @ https://www.esocial.gov.br/portal/Content/webfonts/fa-solid-900.woff2:0
[  839620ms] [ERROR] Failed to load resource: the server responded with a status of 404 () @ https://www.esocial.gov.br/portal/Content/webfonts/fa-solid-900.woff2:0
[  852939ms] [ERROR] Failed to load resource: the server responded with a status of 404 () @ https://www.esocial.gov.br/portal/Content/webfonts/fa-solid-900.woff2:0
[  872400ms] [ERROR] Failed to load resource: the server responded with a status of 404 () @ https://www.esocial.gov.br/Content/img/icones/ico_collapse_tabela_contrair.png:0
[  872471ms] [ERROR] Failed to load resource: the server responded with a status of 404 () @ https://www.esocial.gov.br/portal/Content/webfonts/fa-solid-900.woff2:0
[  879585ms] [ERROR] Failed to load resource: the server responded with a status of 404 () @ https://www.esocial.gov.br/portal/Content/webfonts/fa-solid-900.woff2:0
[  898937ms] [ERROR] Failed to load resource: the server responded with a status of 404 () @ https://www.esocial.gov.br/portal/Content/webfonts/fa-solid-900.woff2:0
[  927660ms] [ERROR] Failed to load resource: the server responded with a status of 404 () @ https://www.esocial.gov.br/portal/Content/webfonts/fa-solid-900.woff2:0
[  951234ms] [ERROR] Failed to load resource: the server responded with a status of 404 () @ https://www.esocial.gov.br/portal/Content/webfonts/fa-solid-900.woff2:0
[  958650ms] [ERROR] Failed to load resource: the server responded with a status of 404 () @ https://www.esocial.gov.br/portal/Content/webfonts/fa-solid-900.woff2:0
[  974128ms] [ERROR] Failed to load resource: the server responded with a status of 404 () @ https://www.esocial.gov.br/portal/Content/webfonts/fa-solid-900.woff2:0
[  989317ms] [ERROR] Failed to load resource: the server responded with a status of 404 () @ https://www.esocial.gov.br/portal/Content/webfonts/fa-solid-900.woff2:0
[ 1024761ms] [ERROR] Failed to load resource: the server responded with a status of 404 () @ https://www.esocial.gov.br/portal/Content/webfonts/fa-solid-900.woff2:0
[ 1049060ms] [ERROR] Failed to load resource: the server responded with a status of 404 () @ https://www.esocial.gov.br/portal/Content/webfonts/fa-solid-900.woff2:0
[ 1795901ms] [ERROR] Failed to load resource: the server responded with a status of 404 () @ https://www.esocial.gov.br/portal/Content/webfonts/fa-solid-900.woff2:0
[ 1813161ms] [ERROR] Failed to load resource: the server responded with a status of 404 () @ https://www.esocial.gov.br/portal/Content/webfonts/fa-solid-900.woff2:0
[ 1829344ms] [ERROR] Failed to load resource: the server responded with a status of 404 () @ https://www.esocial.gov.br/portal/Content/webfonts/fa-solid-900.woff2:0
[ 1837927ms] [ERROR] Failed to load resource: the server responded with a status of 404 () @ https://www.esocial.gov.br/portal/Content/webfonts/fa-solid-900.woff2:0
[ 1873853ms] [ERROR] Failed to load resource: the server responded with a status of 404 () @ https://www.esocial.gov.br/portal/Content/webfonts/fa-solid-900.woff2:0
[ 1909192ms] [ERROR] Failed to load resource: the server responded with a status of 404 () @ https://www.esocial.gov.br/portal/Content/webfonts/fa-solid-900.woff2:0
[ 1918852ms] [ERROR] Failed to load resource: the server responded with a status of 404 () @ https://www.esocial.gov.br/portal/Content/webfonts/fa-solid-900.woff2:0
[ 1956164ms] [ERROR] Failed to load resource: the server responded with a status of 404 () @ https://www.esocial.gov.br/portal/Content/webfonts/fa-solid-900.woff2:0
[ 1966313ms] [ERROR] Failed to load resource: the server responded with a status of 404 () @ https://www.esocial.gov.br/portal/Content/webfonts/fa-solid-900.woff2:0
[ 1997632ms] [ERROR] Failed to load resource: the server responded with a status of 404 () @ https://www.esocial.gov.br/portal/Content/webfonts/fa-solid-900.woff2:0
[ 2027892ms] [ERROR] Failed to load resource: the server responded with a status of 404 () @ https://www.esocial.gov.br/portal/Content/webfonts/fa-solid-900.woff2:0
[ 2059192ms] [ERROR] Failed to load resource: the server responded with a status of 404 () @ https://www.esocial.gov.br/Content/img/icones/ico_collapse_tabela_contrair.png:0
[ 2059226ms] [ERROR] Failed to load resource: the server responded with a status of 404 () @ https://www.esocial.gov.br/portal/Content/webfonts/fa-solid-900.woff2:0
[ 2070542ms] [ERROR] Failed to load resource: the server responded with a status of 404 () @ https://www.esocial.gov.br/portal/Content/webfonts/fa-solid-900.woff2:0
[ 2101989ms] [ERROR] Failed to load resource: the server responded with a status of 404 () @ https://www.esocial.gov.br/portal/Content/webfonts/fa-solid-900.woff2:0
[ 2114241ms] [ERROR] Failed to load resource: the server responded with a status of 404 () @ https://www.esocial.gov.br/portal/Content/webfonts/fa-solid-900.woff2:0
[ 2136716ms] [ERROR] Failed to load resource: the server responded with a status of 404 () @ https://www.esocial.gov.br/portal/Content/webfonts/fa-solid-900.woff2:0
[ 2171073ms] [ERROR] Failed to load resource: the server responded with a status of 404 () @ https://www.esocial.gov.br/portal/Content/webfonts/fa-solid-900.woff2:0
[ 2183198ms] [ERROR] Failed to load resource: the server responded with a status of 404 () @ https://www.esocial.gov.br/portal/Content/webfonts/fa-solid-900.woff2:0
[ 2204816ms] [ERROR] Failed to load resource: the server responded with a status of 404 () @ https://www.esocial.gov.br/portal/Content/webfonts/fa-solid-900.woff2:0
[ 2241757ms] [ERROR] Failed to load resource: the server responded with a status of 404 () @ https://www.esocial.gov.br/portal/Content/webfonts/fa-solid-900.woff2:0
[ 2267169ms] [ERROR] Failed to load resource: the server responded with a status of 404 () @ https://www.esocial.gov.br/portal/Content/webfonts/fa-solid-900.woff2:0
[ 2280362ms] [ERROR] Failed to load resource: the server responded with a status of 404 () @ https://www.esocial.gov.br/portal/Content/webfonts/fa-solid-900.woff2:0
[ 2304012ms] [ERROR] Failed to load resource: the server responded with a status of 404 () @ https://www.esocial.gov.br/portal/Content/webfonts/fa-solid-900.woff2:0
[ 2354469ms] [ERROR] Failed to load resource: the server responded with a status of 404 () @ https://www.esocial.gov.br/portal/Content/webfonts/fa-solid-900.woff2:0
[ 2370454ms] [ERROR] Failed to load resource: the server responded with a status of 404 () @ https://www.esocial.gov.br/portal/Content/webfonts/fa-solid-900.woff2:0
