[     244ms] [ERROR] Failed to load resource: the server responded with a status of 404 () @ https://login.esocial.gov.br/favicon.ico:0
[   14054ms] [ERROR] Connecting to 'https://5cf55c3983e6.w.hcaptcha.com/logo.png' violates the following Content Security Policy directive: "connect-src 'self' www.google-analytics.com newassets.hcaptcha.com hcaptcha.com serprobots.estaleiro.serpro.gov.br maps.googleapis.com". The action has been blocked. @ https://js.hcaptcha.com/1/api.js?onload=onLoadHcaptcha&recaptchacompat=off&render=explicit&hl=pt:3
[   14054ms] [ERROR] Fetch API cannot load https://5cf55c3983e6.w.hcaptcha.com/logo.png. Refused to connect because it violates the document's Content Security Policy. @ https://js.hcaptcha.com/1/api.js?onload=onLoadHcaptcha&recaptchacompat=off&render=explicit&hl=pt:3
[   14056ms] [LOG] recaptchacompat disabled @ https://js.hcaptcha.com/1/api.js?onload=onLoadHcaptcha&recaptchacompat=off&render=explicit&hl=pt:3
[   14082ms] [LOG] hCaptcha is ready. @ https://sso.acesso.gov.br/login?client_id=login.esocial.gov.br&authorization_id=19faece9d67:565
[   58148ms] [ERROR] Failed to load resource: the server responded with a status of 404 () @ https://www.esocial.gov.br/content/jqueryui/images/ui-bg_glass_75_ffffff_1x400.png:0
[   72101ms] [ERROR] Failed to load resource: the server responded with a status of 404 () @ https://www.esocial.gov.br/portal/Content/webfonts/fa-solid-900.woff2:0
[  104758ms] [ERROR] Failed to load resource: the server responded with a status of 404 () @ https://www.esocial.gov.br/portal/Content/webfonts/fa-solid-900.woff2:0
[  140984ms] [ERROR] Failed to load resource: the server responded with a status of 404 () @ https://www.esocial.gov.br/Content/img/icones/ico_collapse_tabela_contrair.png:0
[  141441ms] [ERROR] Failed to load resource: the server responded with a status of 404 () @ https://www.esocial.gov.br/portal/Content/webfonts/fa-solid-900.woff2:0
[  170688ms] [ERROR] Failed to load resource: the server responded with a status of 404 () @ https://www.esocial.gov.br/portal/Content/webfonts/fa-solid-900.woff2:0
[  203861ms] [ERROR] Failed to load resource: the server responded with a status of 404 () @ https://www.esocial.gov.br/portal/Content/webfonts/fa-solid-900.woff2:0
[  257658ms] [ERROR] Failed to load resource: the server responded with a status of 404 () @ https://www.esocial.gov.br/portal/Content/webfonts/fa-solid-900.woff2:0
[  294591ms] [ERROR] Failed to load resource: the server responded with a status of 404 () @ https://www.esocial.gov.br/portal/Content/webfonts/fa-solid-900.woff2:0
[  523250ms] [ERROR] Failed to load resource: the server responded with a status of 404 () @ https://www.esocial.gov.br/portal/Content/webfonts/fa-solid-900.woff2:0
[  547934ms] [ERROR] Failed to load resource: the server responded with a status of 404 () @ https://www.esocial.gov.br/portal/Content/webfonts/fa-solid-900.woff2:0
[  567475ms] [ERROR] Failed to load resource: the server responded with a status of 404 () @ https://www.esocial.gov.br/portal/Content/webfonts/fa-solid-900.woff2:0
[  589227ms] [ERROR] Failed to load resource: the server responded with a status of 404 () @ https://www.esocial.gov.br/portal/Content/webfonts/fa-solid-900.woff2:0
[  610136ms] [ERROR] Failed to load resource: the server responded with a status of 404 () @ https://www.esocial.gov.br/portal/Content/webfonts/fa-solid-900.woff2:0
[  648582ms] [ERROR] Failed to load resource: the server responded with a status of 404 () @ https://www.esocial.gov.br/portal/Content/webfonts/fa-solid-900.woff2:0
[  669290ms] [ERROR] Failed to load resource: the server responded with a status of 404 () @ https://www.esocial.gov.br/portal/Content/webfonts/fa-solid-900.woff2:0
[  693273ms] [ERROR] Failed to load resource: the server responded with a status of 404 () @ https://www.esocial.gov.br/portal/Content/webfonts/fa-solid-900.woff2:0
[  716712ms] [ERROR] Failed to load resource: the server responded with a status of 404 () @ https://www.esocial.gov.br/portal/Content/webfonts/fa-solid-900.woff2:0
[  740407ms] [ERROR] Failed to load resource: the server responded with a status of 404 () @ https://www.esocial.gov.br/portal/Content/webfonts/fa-solid-900.woff2:0
[  760681ms] [ERROR] Failed to load resource: the server responded with a status of 404 () @ https://www.esocial.gov.br/portal/Content/webfonts/fa-solid-900.woff2:0
[  782104ms] [ERROR] Failed to load resource: the server responded with a status of 404 () @ https://www.esocial.gov.br/portal/Content/webfonts/fa-solid-900.woff2:0
[  804150ms] [ERROR] Failed to load resource: the server responded with a status of 404 () @ https://www.esocial.gov.br/portal/Content/webfonts/fa-solid-900.woff2:0
[  850541ms] [ERROR] Failed to load resource: the server responded with a status of 404 () @ https://www.esocial.gov.br/portal/Content/webfonts/fa-solid-900.woff2:0
[ 1148308ms] [ERROR] Failed to load resource: the server responded with a status of 404 () @ https://www.esocial.gov.br/portal/Content/webfonts/fa-solid-900.woff2:0
[ 1165899ms] [ERROR] Failed to load resource: the server responded with a status of 404 () @ https://www.esocial.gov.br/portal/Content/webfonts/fa-solid-900.woff2:0
[ 1187876ms] [ERROR] Failed to load resource: the server responded with a status of 404 () @ https://www.esocial.gov.br/portal/Content/webfonts/fa-solid-900.woff2:0
[ 1213269ms] [ERROR] Failed to load resource: the server responded with a status of 404 () @ https://www.esocial.gov.br/portal/Content/webfonts/fa-solid-900.woff2:0
[ 1241666ms] [ERROR] Failed to load resource: the server responded with a status of 404 () @ https://www.esocial.gov.br/portal/Content/webfonts/fa-solid-900.woff2:0
[ 1278125ms] [ERROR] Failed to load resource: the server responded with a status of 404 () @ https://www.esocial.gov.br/portal/Content/webfonts/fa-solid-900.woff2:0
[ 1357655ms] [ERROR] Failed to load resource: the server responded with a status of 404 () @ https://www.esocial.gov.br/portal/Content/webfonts/fa-solid-900.woff2:0
[ 1404741ms] [ERROR] Failed to load resource: the server responded with a status of 404 () @ https://www.esocial.gov.br/portal/Content/webfonts/fa-solid-900.woff2:0
[ 1440893ms] [ERROR] Failed to load resource: the server responded with a status of 404 () @ https://www.esocial.gov.br/portal/Content/webfonts/fa-solid-900.woff2:0
[ 1488169ms] [ERROR] Failed to load resource: the server responded with a status of 404 () @ https://www.esocial.gov.br/portal/Content/webfonts/fa-solid-900.woff2:0
[ 1737563ms] [ERROR] Failed to load resource: the server responded with a status of 404 () @ https://www.esocial.gov.br/portal/Content/webfonts/fa-solid-900.woff2:0
[ 1856663ms] [ERROR] Failed to load resource: the server responded with a status of 404 () @ https://www.esocial.gov.br/portal/Content/webfonts/fa-solid-900.woff2:0
[ 1980724ms] [ERROR] Failed to load resource: the server responded with a status of 404 () @ https://www.esocial.gov.br/portal/Content/webfonts/fa-solid-900.woff2:0
[ 2232251ms] [ERROR] Failed to load resource: the server responded with a status of 404 () @ https://www.esocial.gov.br/portal/Content/webfonts/fa-solid-900.woff2:0
[ 2339355ms] [ERROR] Failed to load resource: the server responded with a status of 404 () @ https://www.esocial.gov.br/portal/Content/webfonts/fa-solid-900.woff2:0
[ 2601152ms] [ERROR] Failed to load resource: the server responded with a status of 404 () @ https://www.esocial.gov.br/portal/Content/webfonts/fa-solid-900.woff2:0
[ 2715157ms] [ERROR] Failed to load resource: the server responded with a status of 404 () @ https://www.esocial.gov.br/portal/Content/webfonts/fa-solid-900.woff2:0
[ 2890778ms] [ERROR] Failed to load resource: the server responded with a status of 404 () @ https://www.esocial.gov.br/portal/Content/webfonts/fa-solid-900.woff2:0
[ 3059880ms] [ERROR] Failed to load resource: the server responded with a status of 404 () @ https://www.esocial.gov.br/portal/Content/webfonts/fa-solid-900.woff2:0
[ 3177996ms] [ERROR] Failed to load resource: the server responded with a status of 404 () @ https://www.esocial.gov.br/portal/Content/webfonts/fa-solid-900.woff2:0
[ 3287318ms] [ERROR] Failed to load resource: the server responded with a status of 404 () @ https://www.esocial.gov.br/portal/Content/webfonts/fa-solid-900.woff2:0
[ 3364528ms] [ERROR] Failed to load resource: the server responded with a status of 404 () @ https://www.esocial.gov.br/portal/Content/webfonts/fa-solid-900.woff2:0
[ 3462526ms] [ERROR] Failed to load resource: the server responded with a status of 404 () @ https://www.esocial.gov.br/portal/Content/webfonts/fa-solid-900.woff2:0
[ 3589875ms] [ERROR] Failed to load resource: the server responded with a status of 404 () @ https://www.esocial.gov.br/portal/Content/webfonts/fa-solid-900.woff2:0
[ 3691913ms] [ERROR] Failed to load resource: the server responded with a status of 404 () @ https://www.esocial.gov.br/portal/Content/webfonts/fa-solid-900.woff2:0
[ 3850666ms] [ERROR] Failed to load resource: the server responded with a status of 404 () @ https://www.esocial.gov.br/portal/Content/webfonts/fa-solid-900.woff2:0
[ 3974464ms] [ERROR] Failed to load resource: the server responded with a status of 404 () @ https://www.esocial.gov.br/portal/Content/webfonts/fa-solid-900.woff2:0
[ 4098045ms] [ERROR] Failed to load resource: the server responded with a status of 404 () @ https://www.esocial.gov.br/portal/Content/webfonts/fa-solid-900.woff2:0
[ 4210274ms] [ERROR] Failed to load resource: the server responded with a status of 404 () @ https://www.esocial.gov.br/portal/Content/webfonts/fa-solid-900.woff2:0
[ 4281921ms] [ERROR] Failed to load resource: the server responded with a status of 404 () @ https://www.esocial.gov.br/portal/Content/webfonts/fa-solid-900.woff2:0
[ 4330886ms] [ERROR] Failed to load resource: the server responded with a status of 404 () @ https://www.esocial.gov.br/portal/Content/webfonts/fa-solid-900.woff2:0
[ 4678874ms] [ERROR] Failed to load resource: the server responded with a status of 404 () @ https://www.esocial.gov.br/portal/Content/webfonts/fa-solid-900.woff2:0
[ 4767351ms] [ERROR] Failed to load resource: the server responded with a status of 404 () @ https://www.esocial.gov.br/portal/Content/webfonts/fa-solid-900.woff2:0
[ 4875591ms] [ERROR] Failed to load resource: the server responded with a status of 404 () @ https://www.esocial.gov.br/portal/Content/webfonts/fa-solid-900.woff2:0
[ 4980728ms] [ERROR] Failed to load resource: the server responded with a status of 404 () @ https://www.esocial.gov.br/portal/Content/webfonts/fa-solid-900.woff2:0
[ 5266433ms] [ERROR] Failed to load resource: the server responded with a status of 404 () @ https://www.esocial.gov.br/Content/img/icones/ico_collapse_tabela_contrair.png:0
[ 5266456ms] [ERROR] Failed to load resource: the server responded with a status of 404 () @ https://www.esocial.gov.br/portal/Content/webfonts/fa-solid-900.woff2:0
[ 5433849ms] [ERROR] Failed to load resource: the server responded with a status of 404 () @ https://www.esocial.gov.br/portal/Content/webfonts/fa-solid-900.woff2:0
[ 5504541ms] [ERROR] Failed to load resource: the server responded with a status of 404 () @ https://www.esocial.gov.br/portal/Content/webfonts/fa-solid-900.woff2:0
[ 5584855ms] [ERROR] Failed to load resource: the server responded with a status of 404 () @ https://www.esocial.gov.br/portal/Content/webfonts/fa-solid-900.woff2:0
[ 5644898ms] [ERROR] Failed to load resource: the server responded with a status of 404 () @ https://www.esocial.gov.br/portal/Content/webfonts/fa-solid-900.woff2:0
[ 5741265ms] [ERROR] Failed to load resource: the server responded with a status of 404 () @ https://www.esocial.gov.br/portal/Content/webfonts/fa-solid-900.woff2:0
[ 5819702ms] [ERROR] Failed to load resource: the server responded with a status of 404 () @ https://www.esocial.gov.br/portal/Content/webfonts/fa-solid-900.woff2:0
[ 5896350ms] [ERROR] Failed to load resource: the server responded with a status of 404 () @ https://www.esocial.gov.br/portal/Content/webfonts/fa-solid-900.woff2:0
[ 5979048ms] [ERROR] Failed to load resource: the server responded with a status of 404 () @ https://www.esocial.gov.br/portal/Content/webfonts/fa-solid-900.woff2:0
[ 6071743ms] [ERROR] Failed to load resource: the server responded with a status of 404 () @ https://www.esocial.gov.br/portal/Content/webfonts/fa-solid-900.woff2:0
[ 6163401ms] [ERROR] Failed to load resource: the server responded with a status of 404 () @ https://www.esocial.gov.br/portal/Content/webfonts/fa-solid-900.woff2:0
[ 6270053ms] [ERROR] Failed to load resource: the server responded with a status of 404 () @ https://www.esocial.gov.br/portal/Content/webfonts/fa-solid-900.woff2:0
[ 6355393ms] [ERROR] Failed to load resource: the server responded with a status of 404 () @ https://www.esocial.gov.br/portal/Content/webfonts/fa-solid-900.woff2:0
[ 6436966ms] [ERROR] Failed to load resource: the server responded with a status of 404 () @ https://www.esocial.gov.br/Content/img/icones/ico_collapse_tabela_contrair.png:0
[ 6437016ms] [ERROR] Failed to load resource: the server responded with a status of 404 () @ https://www.esocial.gov.br/portal/Content/webfonts/fa-solid-900.woff2:0
